[www.competethemes.com/ignite-live-demo/index.html]
[backblue.gif]
[fade.gif]
[index.html]
[www.competethemes.com/ignite-live-demo/wp-content/themes/ignite/assets/font-awesome/css/font-awesome.min5b31.css]
[www.competethemes.com/ignite-live-demo/feed/index.html]
[www.google-analytics.com/analytics.js]
[www.competethemes.com/ignite-live-demo/wp-content/themes/ignite/style5b31.css]
[www.competethemes.com/ignite-live-demo/wp-includes/js/jquery/jqueryc1d8.js]
[www.competethemes.com/ignite-live-demo/wp-includes/js/jquery/jquery-migrate.min1576.js]
[www.competethemes.com/ignite-live-demo/comments/feed/index.html]
[www.competethemes.com/ignite-live-demo/xmlrpc0db0.php]
[www.competethemes.com/ignite-live-demo/wp-includes/wlwmanifest.xml]
[www.competethemes.com/ignite-live-demo/wp-content/uploads/sites/4/2014/03/camera1.jpg]
[www.competethemes.com/ignite-live-demo/about-2/index.html]
[www.competethemes.com/ignite-live-demo/blog/index.html]
[www.competethemes.com/ignite-live-demo/sample-page/index.html]
[www.competethemes.com/ignite-live-demo/category/uncategorized/index.html]
[www.competethemes.com/ignite-live-demo/category/design/index.html]
[www.competethemes.com/ignite-live-demo/category/travel/index.html]
[www.competethemes.com/ignite-live-demo/wp-content/uploads/sites/4/2014/03/bridge1.jpg]
[www.competethemes.com/ignite-live-demo/contact/index.html]
[www.competethemes.com/ignite-live-demo/this-is-a-standard-post/index.html]
[www.competethemes.com/ignite-live-demo/author/drop-live-demo/index.html]
[www.competethemes.com/ignite-live-demo/wp-content/uploads/sites/4/2014/03/bike1.jpg]
[www.competethemes.com/ignite-live-demo/tag/memories/index.html]
[www.competethemes.com/ignite-live-demo/tag/normal-post/index.html]
[www.competethemes.com/ignite-live-demo/tag/standard-2/index.html]
[www.competethemes.com/ignite-live-demo/wp-content/uploads/sites/4/2014/03/roofs1.jpg]
[www.competethemes.com/ignite-live-demo/another-awesome-post/index.html]
[www.competethemes.com/ignite-live-demo/wp-content/uploads/sites/4/2014/03/canal.jpg]
[www.competethemes.com/ignite-live-demo/tag/design/index.html]
[www.competethemes.com/ignite-live-demo/tag/tagalicious/index.html]
[www.competethemes.com/ignite-live-demo/index.html]
[www.competethemes.com/ignite-live-demo/wp-content/themes/ignite/js/build/production.min5b31.js]
[www.competethemes.com/ignite-live-demo/tag/travel/index.html]
[www.competethemes.com/ignite-live-demo/category/standard-2/index.html]
[www.competethemes.com/ignite-live-demo/a-post-without-an-image/index.html]
[www.competethemes.com/ignite-live-demo/a-totally-responsive-theme/index.html]
[www.competethemes.com/ignite-live-demo/wp-content/themes/ignite/assets/font-awesome/fonts/fontawesome-webfont93e3.eot]
[www.competethemes.com/ignite-live-demo/tag/another-tag/index.html]
[www.competethemes.com/ignite-live-demo/tag/blogging-for-fun/index.html]
[www.competethemes.com/ignite-live-demo/tag/hipster/index.html]
[www.competethemes.com/ignite-live-demo/wp-content/themes/ignite/assets/font-awesome/fonts/fontawesome-webfontd41d.eot]
[www.competethemes.com/ignite-live-demo/5-posts-per-page/index.html]
[www.competethemes.com/ignite-live-demo/tag/so-categorized/index.html]
[www.competethemes.com/ignite-live-demo/wp-content/themes/ignite/assets/font-awesome/fonts/fontawesome-webfont93e3.woff2]
[www.competethemes.com/ignite-live-demo/a-post-with-lots-of-comments/index.html]
[www.competethemes.com/ignite-live-demo/wp-content/themes/ignite/assets/font-awesome/fonts/fontawesome-webfont93e3.woff]
[www.competethemes.com/ignite-live-demo/tag/comments-2/index.html]
[www.competethemes.com/ignite-live-demo/wp-content/themes/ignite/assets/font-awesome/fonts/fontawesome-webfont93e3.ttf]
[www.competethemes.com/ignite-live-demo/tag/tags-for-days/index.html]
[www.competethemes.com/ignite-live-demo/wp-content/themes/ignite/assets/font-awesome/css/font-awesome.min5b31.css]
[www.competethemes.com/ignite-live-demo/wp-content/themes/ignite/style5b31.css]
[www.competethemes.com/ignite-live-demo/wp-includes/js/jquery/jqueryc1d8.js]
[www.competethemes.com/ignite-live-demo/wp-includes/js/jquery/jquery-migrate.min1576.js]
[www.competethemes.com/ignite-live-demo/about-2/index.html]
[www.competethemes.com/ignite-live-demo/wp-content/themes/ignite/assets/font-awesome/fonts/fontawesome-webfont93e3.svg]
[www.competethemes.com/ignite-live-demo/wp-content/plugins/anti-spam-pro/js/anti-spam-pro-4.0.js]
[www.competethemes.com/ignite-live-demo/about-2/feed/index.html]
[www.competethemes.com/ignite-live-demo/blog/feed/index.html]
[www.competethemes.com/ignite-live-demo/blog/index.html]
[www.competethemes.com/ignite-live-demo/sample-page/index.html]
[www.competethemes.com/ignite-live-demo/blog/index5dd2.html]
[www.competethemes.com/ignite-live-demo/blog/index129f.html]
[www.competethemes.com/ignite-live-demo/blog/indexbbac.html]
[www.competethemes.com/ignite-live-demo/category/design/index.html]
[www.competethemes.com/ignite-live-demo/category/design/feed/index.html]
[www.competethemes.com/ignite-live-demo/category/uncategorized/index.html]
[www.competethemes.com/ignite-live-demo/sample-page/indexa2f2.html]
[www.competethemes.com/ignite-live-demo/category/travel/index.html]
[www.competethemes.com/ignite-live-demo/contact/index.html]
[www.competethemes.com/ignite-live-demo/sample-page/feed/index.html]
[www.competethemes.com/ignite-live-demo/this-is-a-standard-post/index.html]
[www.competethemes.com/ignite-live-demo/category/uncategorized/feed/index.html]
[www.competethemes.com/ignite-live-demo/category/travel/feed/index.html]
[www.competethemes.com/ignite-live-demo/author/drop-live-demo/index.html]
[www.competethemes.com/ignite-live-demo/contact/feed/index.html]
[www.competethemes.com/ignite-live-demo/tag/memories/index.html]
[www.competethemes.com/ignite-live-demo/this-is-a-standard-post/feed/index.html]
[www.competethemes.com/ignite-live-demo/tag/normal-post/index.html]
[www.competethemes.com/ignite-live-demo/this-is-a-standard-post/index28b4.html]
[www.competethemes.com/ignite-live-demo/this-is-a-standard-post/index2166.html]
[www.competethemes.com/ignite-live-demo/tag/standard-2/index.html]
[www.competethemes.com/ignite-live-demo/this-is-a-standard-post/index7935.html]
[www.competethemes.com/ignite-live-demo/author/drop-live-demo/feed/index.html]
[www.competethemes.com/ignite-live-demo/another-awesome-post/index.html]
[www.competethemes.com/ignite-live-demo/tag/memories/feed/index.html]
[www.competethemes.com/ignite-live-demo/tag/design/index.html]
[www.competethemes.com/ignite-live-demo/tag/normal-post/feed/index.html]
[www.competethemes.com/ignite-live-demo/tag/standard-2/feed/index.html]
[www.competethemes.com/ignite-live-demo/another-awesome-post/feed/index.html]
[www.competethemes.com/ignite-live-demo/another-awesome-post/index7653.html]
[www.competethemes.com/ignite-live-demo/another-awesome-post/index2096.html]
[www.competethemes.com/ignite-live-demo/wp-content/uploads/sites/4/2014/03/logs1.jpg]
[www.competethemes.com/ignite-live-demo/tag/tagalicious/index.html]
[www.competethemes.com/ignite-live-demo/tag/tagalicious/feed/index.html]
[www.competethemes.com/ignite-live-demo/tag/design/feed/index.html]
[www.competethemes.com/ignite-live-demo/tag/travel/index.html]
[www.competethemes.com/ignite-live-demo/another-awesome-post/index504c.html]
[www.competethemes.com/ignite-live-demo/a-post-without-an-image/index.html]
[www.competethemes.com/ignite-live-demo/blogging-is-fun-and-worthwhile/index.html]
[www.competethemes.com/ignite-live-demo/category/standard-2/index.html]
[www.competethemes.com/ignite-live-demo/author/admin/index.html]
[www.competethemes.com/ignite-live-demo/tag/travel/feed/index.html]
[www.competethemes.com/ignite-live-demo/a-totally-responsive-theme/index.html]
[www.competethemes.com/ignite-live-demo/a-post-without-an-image/feed/index.html]
[www.competethemes.com/ignite-live-demo/tag/another-tag/index.html]
[www.competethemes.com/ignite-live-demo/a-post-without-an-image/index1b7b.html]
[www.competethemes.com/ignite-live-demo/a-post-without-an-image/index5602.html]
[www.competethemes.com/ignite-live-demo/tag/blogging-for-fun/index.html]
[www.competethemes.com/ignite-live-demo/a-post-without-an-image/indexa129.html]
[www.competethemes.com/ignite-live-demo/category/standard-2/feed/index.html]
[www.competethemes.com/ignite-live-demo/tag/hipster/index.html]
[www.competethemes.com/ignite-live-demo/a-totally-responsive-theme/feed/index.html]
[www.competethemes.com/ignite-live-demo/5-posts-per-page/index.html]
[www.competethemes.com/ignite-live-demo/a-totally-responsive-theme/indexfdcf.html]
[www.competethemes.com/ignite-live-demo/a-totally-responsive-theme/indexdcee.html]
[www.competethemes.com/ignite-live-demo/tag/so-categorized/index.html]
[www.competethemes.com/ignite-live-demo/a-totally-responsive-theme/index616c.html]
[www.competethemes.com/ignite-live-demo/a-totally-responsive-theme/indexdb9d.html]
[www.competethemes.com/ignite-live-demo/a-totally-responsive-theme/indexd61b.html]
[www.competethemes.com/ignite-live-demo/tag/another-tag/feed/index.html]
[www.competethemes.com/ignite-live-demo/tag/blogging-for-fun/feed/index.html]
[www.competethemes.com/ignite-live-demo/tag/hipster/feed/index.html]
[www.competethemes.com/ignite-live-demo/wp-includes/images/smilies/simple-smile.png]
[www.competethemes.com/ignite-live-demo/a-post-with-lots-of-comments/index.html]
[www.competethemes.com/ignite-live-demo/tag/comments-2/index.html]
[www.competethemes.com/ignite-live-demo/5-posts-per-page/index027c.html]
[www.competethemes.com/ignite-live-demo/5-posts-per-page/index8410.html]
[www.competethemes.com/ignite-live-demo/tag/tags-for-days/index.html]
[www.competethemes.com/ignite-live-demo/5-posts-per-page/feed/index.html]
[www.competethemes.com/ignite-live-demo/5-posts-per-page/index3ed4.html]
[www.competethemes.com/ignite-live-demo/index6146.html]
[www.competethemes.com/ignite-live-demo/tag/so-categorized/feed/index.html]
[www.competethemes.com/ignite-live-demo/5-posts-per-page/index2e08.html]
[www.competethemes.com/ignite-live-demo/wp-content/themes/ignite/js/build/production.min5b31.js]
[www.competethemes.com/ignite-live-demo/a-post-with-lots-of-comments/feed/index.html]
[www.competethemes.com/ignite-live-demo/wp-content/themes/ignite/assets/font-awesome/fonts/fontawesome-webfont93e3.svg]
[www.competethemes.com/ignite-live-demo/a-post-with-lots-of-comments/index267f.html]
[www.competethemes.com/ignite-live-demo/a-post-with-lots-of-comments/index41b7.html]
[www.competethemes.com/ignite-live-demo/indexf7db.html]
[www.competethemes.com/ignite-live-demo/a-post-with-lots-of-comments/index94a5.html]
[www.competethemes.com/ignite-live-demo/a-post-with-lots-of-comments/indexfc06.html]
[www.competethemes.com/ignite-live-demo/indexf993.html]
[www.competethemes.com/ignite-live-demo/a-post-with-lots-of-comments/index6944.html]
[www.competethemes.com/ignite-live-demo/a-post-with-lots-of-comments/index46e3.html]
[www.competethemes.com/ignite-live-demo/blog/index5dd2.html]
[www.competethemes.com/ignite-live-demo/a-post-with-lots-of-comments/index7693.html]
[www.competethemes.com/ignite-live-demo/a-post-with-lots-of-comments/index3171.html]
[www.competethemes.com/ignite-live-demo/blog/index129f.html]
[www.competethemes.com/ignite-live-demo/blog/indexbbac.html]
[www.competethemes.com/ignite-live-demo/wp-content/plugins/anti-spam-pro/js/anti-spam-pro-4.0.js]
[www.competethemes.com/ignite-live-demo/wp-includes/js/comment-reply.min5b31.js]
[www.competethemes.com/ignite-live-demo/index905b.html]
[www.competethemes.com/ignite-live-demo/sample-page/indexa2f2.html]
[www.competethemes.com/ignite-live-demo/indexc7d1.html]
[www.competethemes.com/ignite-live-demo/index2a8c.html]
[www.competethemes.com/ignite-live-demo/this-is-a-standard-post/index28b4.html]
[www.competethemes.com/ignite-live-demo/this-is-a-standard-post/index2166.html]
[www.competethemes.com/ignite-live-demo/this-is-a-standard-post/index7935.html]
[www.competethemes.com/ignite-live-demo/index8a56.html]
[www.competethemes.com/ignite-live-demo/another-awesome-post/index7653.html]
[www.competethemes.com/ignite-live-demo/another-awesome-post/index2096.html]
[www.competethemes.com/ignite-live-demo/another-awesome-post/index504c.html]
[www.competethemes.com/ignite-live-demo/tag/comments-2/feed/index.html]
[www.competethemes.com/ignite-live-demo/wp-content/uploads/sites/4/2014/02/birds.jpg]
[www.competethemes.com/ignite-live-demo/tag/tags-for-days/feed/index.html]
[www.competethemes.com/ignite-live-demo/page/2/index.html]
[www.competethemes.com/ignite-live-demo/blogging-is-fun-and-worthwhile/feed/index.html]
[www.competethemes.com/ignite-live-demo/wp-content/uploads/sites/4/2014/02/birds-150x150.jpg]
[www.competethemes.com/ignite-live-demo/blogging-is-fun-and-worthwhile/index.html]
[www.competethemes.com/ignite-live-demo/author/admin/index.html]
[www.competethemes.com/ignite-live-demo/index7b09.html]
[www.competethemes.com/ignite-live-demo/a-post-without-an-image/index1b7b.html]
[www.competethemes.com/ignite-live-demo/a-post-without-an-image/index5602.html]
[www.competethemes.com/ignite-live-demo/a-post-without-an-image/indexa129.html]
[www.competethemes.com/ignite-live-demo/index1914.html]
[www.competethemes.com/ignite-live-demo/a-totally-responsive-theme/indexfdcf.html]
[www.competethemes.com/ignite-live-demo/a-totally-responsive-theme/indexdcee.html]
[www.competethemes.com/ignite-live-demo/a-totally-responsive-theme/index616c.html]
[www.competethemes.com/ignite-live-demo/a-totally-responsive-theme/indexdb9d.html]
[www.competethemes.com/ignite-live-demo/a-totally-responsive-theme/indexd61b.html]
[www.competethemes.com/ignite-live-demo/indexf36e.html]
[www.competethemes.com/ignite-live-demo/5-posts-per-page/index027c.html]
[www.competethemes.com/ignite-live-demo/5-posts-per-page/index8410.html]
[www.competethemes.com/ignite-live-demo/5-posts-per-page/index3ed4.html]
[www.competethemes.com/ignite-live-demo/5-posts-per-page/index2e08.html]
[www.competethemes.com/ignite-live-demo/index91bb.html]
[www.competethemes.com/ignite-live-demo/a-post-with-lots-of-comments/index267f.html]
[www.competethemes.com/ignite-live-demo/a-post-with-lots-of-comments/index41b7.html]
[www.competethemes.com/ignite-live-demo/a-post-with-lots-of-comments/index94a5.html]
[www.competethemes.com/ignite-live-demo/a-post-with-lots-of-comments/indexfc06.html]
[www.competethemes.com/ignite-live-demo/a-post-with-lots-of-comments/index6944.html]
[www.competethemes.com/ignite-live-demo/a-post-with-lots-of-comments/index46e3.html]
[www.competethemes.com/ignite-live-demo/a-post-with-lots-of-comments/index7693.html]
[www.competethemes.com/ignite-live-demo/a-post-with-lots-of-comments/index3171.html]
[www.competethemes.com/ignite-live-demo/page/2/index.html]
[www.competethemes.com/ignite-live-demo/author/admin/feed/index.html]
[www.competethemes.com/ignite-live-demo/index96c2.html]
[www.competethemes.com/ignite-live-demo/page/2/indexa595.html]
